[     509ms] [INFO] You like to look under the hood? Why not help us build the engine? https://soundcloud.com/jobs @ https://a-v2.sndcdn.com/assets/55-9b366a26.js:32
[     548ms] [LOG] prebid-load.js loaded successfully. @ https://a-v2.sndcdn.com/assets/55-9b366a26.js:99
[     575ms] [WARNING] [GPT] PubAdsService.disableInitialLoad is deprecated, use googletag.setConfig({disableInitialLoad: ...}) instead.
https://goo.gle/gpt-message#170 @ https://a-v2.sndcdn.com/assets/55-9b366a26.js:99
[     677ms] [LOG] %craven%c Raven v1.22.2-6hoy9q background-color:#000;margin-left:1px;padding:1px 3px;font-size:0.75em;color:#ffffff; font-size:0.9em; @ https://a-v2.sndcdn.com/assets/55-9b366a26.js:99
[     746ms] [LOG] [DIAG-CS] Diagnostic content script loaded at https://soundcloud.com/hollmusic/god_2 @ chrome-extension://ihaelfjohnpciodjianpgchimpgifgjk/js/diagnostic-content.js:4
[     746ms] [LOG] [DIAG-CS] sendMessage monitoring active @ chrome-extension://ihaelfjohnpciodjianpgchimpgifgjk/js/diagnostic-content.js:54
[     746ms] [LOG] [DIAG-CS] MutationObserver attached @ chrome-extension://ihaelfjohnpciodjianpgchimpgifgjk/js/diagnostic-content.js:74
[     749ms] [LOG] [DIAG-CS] sendMessage called: {"recipient":"__CROSSPILOT_MESSAGE__","action":"sandbox-content-scripts-data","keys":["messageRecipient","action","data"]} @ chrome-extension://ihaelfjohnpciodjianpgchimpgifgjk/js/diagnostic-content.js:27
[     749ms] [LOG] [DIAG-CS] Time since load: 4ms @ chrome-extension://ihaelfjohnpciodjianpgchimpgifgjk/js/diagnostic-content.js:28
[     749ms] [LOG] [DIAG-CS] Args count: 1 @ chrome-extension://ihaelfjohnpciodjianpgchimpgifgjk/js/diagnostic-content.js:29
[     750ms] [LOG] [DIAG-CS] CrossPilot attribute detected on HTML @ chrome-extension://ihaelfjohnpciodjianpgchimpgifgjk/js/diagnostic-content.js:63
[     750ms] [LOG] [DIAG-CS] Time since load: 4ms @ chrome-extension://ihaelfjohnpciodjianpgchimpgifgjk/js/diagnostic-content.js:64
[     750ms] [LOG] [direct] SoundCloud direct downloader loaded at https://soundcloud.com/hollmusic/god_2 @ chrome-extension://ihaelfjohnpciodjianpgchimpgifgjk/js/direct.js:2
[     756ms] [LOG] [DIAG-CS] sendMessage promise resolved: null @ chrome-extension://ihaelfjohnpciodjianpgchimpgifgjk/js/diagnostic-content.js:41
[     952ms] [WARNING] [GPT] Slot.getTargetingKeys is deprecated, use Slot.getConfig('targeting') instead.
https://goo.gle/gpt-message#201 @ https://a-v2.sndcdn.com/assets/55-9b366a26.js:99
[    1248ms] [LOG] [direct] Download button injected @ chrome-extension://ihaelfjohnpciodjianpgchimpgifgjk/js/direct.js:160
[    1417ms] [WARNING] Error with Feature-Policy header: Unrecognized origin: 'none'. @ :0
[    1417ms] [WARNING] Error with Feature-Policy header: Unrecognized feature: 'ambient-light-sensor'. @ :0
[    1417ms] [WARNING] Error with Feature-Policy header: Unrecognized origin: 'none'. @ :0
[    1417ms] [WARNING] Error with Feature-Policy header: Unrecognized feature: 'battery'. @ :0
[    1417ms] [WARNING] Error with Feature-Policy header: Unrecognized origin: 'none'. @ :0
[    1417ms] [WARNING] Error with Feature-Policy header: Unrecognized origin: 'none'. @ :0
[    1417ms] [WARNING] Error with Feature-Policy header: Unrecognized feature: 'document-domain'. @ :0
[    1417ms] [WARNING] Error with Feature-Policy header: Unrecognized origin: 'none'. @ :0
[    1417ms] [WARNING] Error with Feature-Policy header: Unrecognized origin: 'none'. @ :0
[    1417ms] [WARNING] Error with Feature-Policy header: Unrecognized origin: 'none'. @ :0
[    1417ms] [WARNING] Error with Feature-Policy header: Unrecognized origin: 'none'. @ :0
[    1417ms] [WARNING] Error with Feature-Policy header: Unrecognized origin: 'none'. @ :0
[    1417ms] [WARNING] Error with Feature-Policy header: Unrecognized origin: 'none'. @ :0
[    1417ms] [WARNING] Error with Feature-Policy header: Unrecognized origin: 'none'. @ :0
[    1417ms] [WARNING] Error with Feature-Policy header: Unrecognized origin: 'none'. @ :0
[    1417ms] [WARNING] Error with Feature-Policy header: Unrecognized origin: 'none'. @ :0
[    1417ms] [WARNING] Error with Feature-Policy header: Unrecognized origin: 'none'. @ :0
[    1417ms] [WARNING] Error with Feature-Policy header: Unrecognized feature: 'wake-lock'. @ :0
[    2235ms] [ERROR] Failed to load resource: the server responded with a status of 400 () @ https://api-auth.soundcloud.com/oauth/authorize?client_id=Pb72ranhoyt6gw7hM7TkzUItXlMWSNSo:0
[   18693ms] [LOG] [direct] trackId: null @ chrome-extension://ihaelfjohnpciodjianpgchimpgifgjk/js/direct.js:128
[   18693ms] [LOG] [direct] download failed: Could not find track ID @ chrome-extension://ihaelfjohnpciodjianpgchimpgifgjk/js/direct.js:153
[   31266ms] [LOG] [direct] gave up after 60 attempts @ chrome-extension://ihaelfjohnpciodjianpgchimpgifgjk/js/direct.js:169
