[     507ms] [INFO] You like to look under the hood? Why not help us build the engine? https://soundcloud.com/jobs @ https://a-v2.sndcdn.com/assets/55-9b366a26.js:32
[     538ms] [LOG] prebid-load.js loaded successfully. @ https://a-v2.sndcdn.com/assets/55-9b366a26.js:99
[     578ms] [LOG] %craven%c Raven v1.22.2-6hoy9q background-color:#000;margin-left:1px;padding:1px 3px;font-size:0.75em;color:#ffffff; font-size:0.9em; @ https://a-v2.sndcdn.com/assets/55-9b366a26.js:99
[     598ms] [WARNING] [GPT] PubAdsService.disableInitialLoad is deprecated, use googletag.setConfig({disableInitialLoad: ...}) instead.
https://goo.gle/gpt-message#170 @ https://a-v2.sndcdn.com/assets/55-9b366a26.js:99
[     740ms] [LOG] [DIAG-CS] Diagnostic content script loaded at https://soundcloud.com/hollmusic/god_2 @ chrome-extension://ihaelfjohnpciodjianpgchimpgifgjk/js/diagnostic-content.js:4
[     740ms] [LOG] [DIAG-CS] sendMessage monitoring active @ chrome-extension://ihaelfjohnpciodjianpgchimpgifgjk/js/diagnostic-content.js:54
[     740ms] [LOG] [DIAG-CS] MutationObserver attached @ chrome-extension://ihaelfjohnpciodjianpgchimpgifgjk/js/diagnostic-content.js:74
[     740ms] [LOG] [DIAG-CS] sendMessage called: {"recipient":"__CROSSPILOT_MESSAGE__","action":"sandbox-content-scripts-data","keys":["messageRecipient","action","data"]} @ chrome-extension://ihaelfjohnpciodjianpgchimpgifgjk/js/diagnostic-content.js:27
[     740ms] [LOG] [DIAG-CS] Time since load: 1ms @ chrome-extension://ihaelfjohnpciodjianpgchimpgifgjk/js/diagnostic-content.js:28
[     740ms] [LOG] [DIAG-CS] Args count: 1 @ chrome-extension://ihaelfjohnpciodjianpgchimpgifgjk/js/diagnostic-content.js:29
[     741ms] [LOG] [DIAG-CS] CrossPilot attribute detected on HTML @ chrome-extension://ihaelfjohnpciodjianpgchimpgifgjk/js/diagnostic-content.js:63
[     741ms] [LOG] [DIAG-CS] Time since load: 1ms @ chrome-extension://ihaelfjohnpciodjianpgchimpgifgjk/js/diagnostic-content.js:64
[     741ms] [LOG] [direct] SoundCloud direct downloader loaded at https://soundcloud.com/hollmusic/god_2 @ chrome-extension://ihaelfjohnpciodjianpgchimpgifgjk/js/direct.js:2
[     743ms] [LOG] [DIAG-CS] sendMessage promise resolved: null @ chrome-extension://ihaelfjohnpciodjianpgchimpgifgjk/js/diagnostic-content.js:41
[    1305ms] [WARNING] [GPT] Slot.getTargetingKeys is deprecated, use Slot.getConfig('targeting') instead.
https://goo.gle/gpt-message#201 @ https://a-v2.sndcdn.com/assets/55-9b366a26.js:99
[    1318ms] [LOG] [direct] Download button injected @ chrome-extension://ihaelfjohnpciodjianpgchimpgifgjk/js/direct.js:216
[    1868ms] [WARNING] Error with Feature-Policy header: Unrecognized origin: 'none'. @ :0
[    1868ms] [WARNING] Error with Feature-Policy header: Unrecognized feature: 'ambient-light-sensor'. @ :0
[    1868ms] [WARNING] Error with Feature-Policy header: Unrecognized origin: 'none'. @ :0
[    1868ms] [WARNING] Error with Feature-Policy header: Unrecognized feature: 'battery'. @ :0
[    1868ms] [WARNING] Error with Feature-Policy header: Unrecognized origin: 'none'. @ :0
[    1868ms] [WARNING] Error with Feature-Policy header: Unrecognized origin: 'none'. @ :0
[    1868ms] [WARNING] Error with Feature-Policy header: Unrecognized feature: 'document-domain'. @ :0
[    1868ms] [WARNING] Error with Feature-Policy header: Unrecognized origin: 'none'. @ :0
[    1868ms] [WARNING] Error with Feature-Policy header: Unrecognized origin: 'none'. @ :0
[    1868ms] [WARNING] Error with Feature-Policy header: Unrecognized origin: 'none'. @ :0
[    1868ms] [WARNING] Error with Feature-Policy header: Unrecognized origin: 'none'. @ :0
[    1868ms] [WARNING] Error with Feature-Policy header: Unrecognized origin: 'none'. @ :0
[    1868ms] [WARNING] Error with Feature-Policy header: Unrecognized origin: 'none'. @ :0
[    1868ms] [WARNING] Error with Feature-Policy header: Unrecognized origin: 'none'. @ :0
[    1868ms] [WARNING] Error with Feature-Policy header: Unrecognized origin: 'none'. @ :0
[    1868ms] [WARNING] Error with Feature-Policy header: Unrecognized origin: 'none'. @ :0
[    1868ms] [WARNING] Error with Feature-Policy header: Unrecognized origin: 'none'. @ :0
[    1868ms] [WARNING] Error with Feature-Policy header: Unrecognized feature: 'wake-lock'. @ :0
[    2376ms] [ERROR] Failed to load resource: the server responded with a status of 400 () @ https://api-auth.soundcloud.com/oauth/authorize?client_id=Pb72ranhoyt6gw7hM7TkzUItXlMWSNSo:0
[    2741ms] [LOG] [direct] Download button injected @ chrome-extension://ihaelfjohnpciodjianpgchimpgifgjk/js/direct.js:216
[   18462ms] [ERROR] Failed to load resource: the server responded with a status of 401 (Unauthorized) @ https://api-v2.soundcloud.com/tracks/2392658898?client_id=5d41402abc4b2a76b9719d911017c592:0
[   18732ms] [ERROR] Failed to load resource: the server responded with a status of 401 (Unauthorized) @ https://api-v2.soundcloud.com/tracks/2392658898?client_id=LapsedConsumerSubscriptionBanner:0
[   18947ms] [ERROR] Failed to load resource: the server responded with a status of 401 (Unauthorized) @ https://api-v2.soundcloud.com/tracks/2392658898?client_id=showWithdrawFromSubscriptionLink:0
[   19160ms] [ERROR] Failed to load resource: the server responded with a status of 401 (Unauthorized) @ https://api-v2.soundcloud.com/tracks/2392658898?client_id=showWithdrawFromSubscriptionLink:0
[   19371ms] [ERROR] Failed to load resource: the server responded with a status of 401 (Unauthorized) @ https://api-v2.soundcloud.com/tracks/2392658898?client_id=showWithdrawFromSubscriptionLink:0
[   19609ms] [ERROR] Failed to load resource: the server responded with a status of 401 (Unauthorized) @ https://api-v2.soundcloud.com/tracks/2392658898?client_id=buildXhrWithAuthTransportFactory:0
[   19823ms] [ERROR] Failed to load resource: the server responded with a status of 401 (Unauthorized) @ https://api-v2.soundcloud.com/tracks/2392658898?client_id=a7c02a899fe843dfbea609e8cfb420f0:0
[   20193ms] [LOG] [direct] client_id from script (validated): Pb72ranhoyt6gw7hM7TkzUItXlMWSNSo @ chrome-extension://ihaelfjohnpciodjianpgchimpgifgjk/js/direct.js:26
[   20193ms] [LOG] [direct] trackId from meta: 2392658898 @ chrome-extension://ihaelfjohnpciodjianpgchimpgifgjk/js/direct.js:181
[   20193ms] [LOG] [direct] final trackId: 2392658898 @ chrome-extension://ihaelfjohnpciodjianpgchimpgifgjk/js/direct.js:186
[   20438ms] [LOG] [direct] track info: GOD_2 media: {transcodings: Array(5)} @ chrome-extension://ihaelfjohnpciodjianpgchimpgifgjk/js/direct.js:113
[   20438ms] [LOG] [direct] using transcoding: mp3_1_0 https://api-v2.soundcloud.com/media/soundcloud:tracks:2392658898/943148cf-d501-4b90-8746-d1a7947f67b8/stream/progressive @ chrome-extension://ihaelfjohnpciodjianpgchimpgifgjk/js/direct.js:120
[   20668ms] [LOG] [direct] stream url: https://cf-media.sndcdn.com/dVpUMSJ2LYgB.128.mp3?Policy=eyJTdGF0ZW1lbnQiOlt7IlJlc291cmNlIjoiKjovL2NmLW1lZGlhLnNuZGNkbi5jb20vZFZwVU1TSjJMWWdCLjEyOC5tcDMqIiwiQ29uZGl0aW9uIjp7IkRhdGVMZXNzVGhhbiI6eyJBV1M6RXBvY2hUaW1lIjoxNzg4MzA5NzE1fX19XX0_&Signature=XeIl4EFblZqkL3VvRuyQYQLoI2INE5ucm10ZuaA4SO2JoYHZZFj6S8UMHXELSzvmJOuSUpHIdvnBX4C6cedIKmWkFe3oUx0AkqkKBtm0IYABZY7YAIiq3U23wpjYNzV0U41jXcvkhE4xwPG09rPhUoYYQKKkkqCFgYAP6qSsXRyBksn95lZ-Kyr55marXwBm-7EmjkejSbQlAdi~f9tWIgYOcRakgnywAjllcCoHIbEneX4eDG47Bf0-vx4iYnZOrMLAJMa54xyxzD67PUyoAUsKCRTd1b~MjeUpZQ-7RZgk-M2QTPnO5xMWydDhj5mhD9sZrf5T27TInIYYE8vTDQ__&Key-Pair-Id=APKAI6TU7MMXM5DG6EPQ @ chrome-extension://ihaelfjohnpciodjianpgchimpgifgjk/js/direct.js:122
[   20669ms] [LOG] [direct] downloading: GOD_2 https://cf-media.sndcdn.com/dVpUMSJ2LYgB.128.mp3?Policy=eyJTdGF0ZW1lbnQiOlt7IlJlc291cmNlIjoiKjovL2NmLW1lZGlhLnNuZGNkbi5jb20vZFZwVU1TSjJMWWdCLjEyOC5tcDMqIiwiQ29uZGl0aW9uIjp7IkRhdGVMZXNzVGhhbiI6eyJBV1M6RXBvY2hUaW1lIjoxNzg4MzA5NzE1fX19XX0_&Signature=XeIl4EFblZqkL3VvRuyQYQLoI2INE5ucm10ZuaA4SO2JoYHZZFj6S8UMHXELSzvmJOuSUpHIdvnBX4C6cedIKmWkFe3oUx0AkqkKBtm0IYABZY7YAIiq3U23wpjYNzV0U41jXcvkhE4xwPG09rPhUoYYQKKkkqCFgYAP6qSsXRyBksn95lZ-Kyr55marXwBm-7EmjkejSbQlAdi~f9tWIgYOcRakgnywAjllcCoHIbEneX4eDG47Bf0-vx4iYnZOrMLAJMa54xyxzD67PUyoAUsKCRTd1b~MjeUpZQ-7RZgk-M2QTPnO5xMWydDhj5mhD9sZrf5T27TInIYYE8vTDQ__&Key-Pair-Id=APKAI6TU7MMXM5DG6EPQ @ chrome-extension://ihaelfjohnpciodjianpgchimpgifgjk/js/direct.js:191
[   20669ms] [LOG] [DIAG-CS] sendMessage called: {"recipient":"__SC_DIRECT__","action":"download","keys":["messageRecipient","action","url","filename"]} @ chrome-extension://ihaelfjohnpciodjianpgchimpgifgjk/js/diagnostic-content.js:27
[   20669ms] [LOG] [DIAG-CS] Time since load: 19929ms @ chrome-extension://ihaelfjohnpciodjianpgchimpgifgjk/js/diagnostic-content.js:28
[   20669ms] [LOG] [DIAG-CS] Args count: 2 @ chrome-extension://ihaelfjohnpciodjianpgchimpgifgjk/js/diagnostic-content.js:29
[   21593ms] [LOG] [DIAG-CS] sendMessage response: {"success":true,"downloadId":1} @ chrome-extension://ihaelfjohnpciodjianpgchimpgifgjk/js/diagnostic-content.js:33
[   21593ms] [LOG] [direct] download response: {success: true, downloadId: 1} @ chrome-extension://ihaelfjohnpciodjianpgchimpgifgjk/js/direct.js:197
