[     375ms] [INFO] You like to look under the hood? Why not help us build the engine? https://soundcloud.com/jobs @ https://a-v2.sndcdn.com/assets/55-9b366a26.js:32
[     431ms] [WARNING] [GPT] PubAdsService.disableInitialLoad is deprecated, use googletag.setConfig({disableInitialLoad: ...}) instead.
https://goo.gle/gpt-message#170 @ https://a-v2.sndcdn.com/assets/55-9b366a26.js:99
[     523ms] [LOG] prebid-load.js loaded successfully. @ https://a-v2.sndcdn.com/assets/55-9b366a26.js:99
[     631ms] [LOG] %craven%c Raven v1.22.2-6hoy9q background-color:#000;margin-left:1px;padding:1px 3px;font-size:0.75em;color:#ffffff; font-size:0.9em; @ https://a-v2.sndcdn.com/assets/55-9b366a26.js:99
[     639ms] [LOG] [DIAG-CS] Diagnostic content script loaded at https://soundcloud.com/hollmusic/god_2 @ chrome-extension://ihaelfjohnpciodjianpgchimpgifgjk/js/diagnostic-content.js:4
[     639ms] [LOG] [DIAG-CS] sendMessage monitoring active @ chrome-extension://ihaelfjohnpciodjianpgchimpgifgjk/js/diagnostic-content.js:54
[     639ms] [LOG] [DIAG-CS] MutationObserver attached @ chrome-extension://ihaelfjohnpciodjianpgchimpgifgjk/js/diagnostic-content.js:74
[     640ms] [LOG] [DIAG-CS] sendMessage called: {"recipient":"__CROSSPILOT_MESSAGE__","action":"sandbox-content-scripts-data","keys":["messageRecipient","action","data"]} @ chrome-extension://ihaelfjohnpciodjianpgchimpgifgjk/js/diagnostic-content.js:27
[     640ms] [LOG] [DIAG-CS] Time since load: 1ms @ chrome-extension://ihaelfjohnpciodjianpgchimpgifgjk/js/diagnostic-content.js:28
[     640ms] [LOG] [DIAG-CS] Args count: 1 @ chrome-extension://ihaelfjohnpciodjianpgchimpgifgjk/js/diagnostic-content.js:29
[     640ms] [LOG] [DIAG-CS] CrossPilot attribute detected on HTML @ chrome-extension://ihaelfjohnpciodjianpgchimpgifgjk/js/diagnostic-content.js:63
[     640ms] [LOG] [DIAG-CS] Time since load: 1ms @ chrome-extension://ihaelfjohnpciodjianpgchimpgifgjk/js/diagnostic-content.js:64
[     640ms] [LOG] [direct] SoundCloud direct downloader loaded at https://soundcloud.com/hollmusic/god_2 @ chrome-extension://ihaelfjohnpciodjianpgchimpgifgjk/js/direct.js:2
[     642ms] [LOG] [DIAG-CS] sendMessage promise resolved: null @ chrome-extension://ihaelfjohnpciodjianpgchimpgifgjk/js/diagnostic-content.js:41
[    1156ms] [WARNING] [GPT] Slot.getTargetingKeys is deprecated, use Slot.getConfig('targeting') instead.
https://goo.gle/gpt-message#201 @ https://a-v2.sndcdn.com/assets/55-9b366a26.js:99
[    1172ms] [LOG] [direct] container not found, retry @ chrome-extension://ihaelfjohnpciodjianpgchimpgifgjk/js/direct.js:160
[    1474ms] [LOG] [direct] Download button injected @ chrome-extension://ihaelfjohnpciodjianpgchimpgifgjk/js/direct.js:216
[    1591ms] [WARNING] Error with Feature-Policy header: Unrecognized origin: 'none'. @ :0
[    1591ms] [WARNING] Error with Feature-Policy header: Unrecognized feature: 'ambient-light-sensor'. @ :0
[    1591ms] [WARNING] Error with Feature-Policy header: Unrecognized origin: 'none'. @ :0
[    1591ms] [WARNING] Error with Feature-Policy header: Unrecognized feature: 'battery'. @ :0
[    1591ms] [WARNING] Error with Feature-Policy header: Unrecognized origin: 'none'. @ :0
[    1591ms] [WARNING] Error with Feature-Policy header: Unrecognized origin: 'none'. @ :0
[    1591ms] [WARNING] Error with Feature-Policy header: Unrecognized feature: 'document-domain'. @ :0
[    1591ms] [WARNING] Error with Feature-Policy header: Unrecognized origin: 'none'. @ :0
[    1591ms] [WARNING] Error with Feature-Policy header: Unrecognized origin: 'none'. @ :0
[    1591ms] [WARNING] Error with Feature-Policy header: Unrecognized origin: 'none'. @ :0
[    1591ms] [WARNING] Error with Feature-Policy header: Unrecognized origin: 'none'. @ :0
[    1591ms] [WARNING] Error with Feature-Policy header: Unrecognized origin: 'none'. @ :0
[    1591ms] [WARNING] Error with Feature-Policy header: Unrecognized origin: 'none'. @ :0
[    1591ms] [WARNING] Error with Feature-Policy header: Unrecognized origin: 'none'. @ :0
[    1591ms] [WARNING] Error with Feature-Policy header: Unrecognized origin: 'none'. @ :0
[    1591ms] [WARNING] Error with Feature-Policy header: Unrecognized origin: 'none'. @ :0
[    1591ms] [WARNING] Error with Feature-Policy header: Unrecognized origin: 'none'. @ :0
[    1591ms] [WARNING] Error with Feature-Policy header: Unrecognized feature: 'wake-lock'. @ :0
[    2067ms] [ERROR] Failed to load resource: the server responded with a status of 400 () @ https://api-auth.soundcloud.com/oauth/authorize?client_id=Pb72ranhoyt6gw7hM7TkzUItXlMWSNSo:0
[    5917ms] [WARNING] The resource https://securepubads.g.doubleclick.net/tag/js/gpt.js was preloaded using link preload but not used within a few seconds from the window's load event. Please make sure it has an appropriate `as` value and it is preloaded intentionally. @ https://soundcloud.com/hollmusic/god_2:0
[    9597ms] [WARNING] The resource https://securepubads.g.doubleclick.net/tag/js/gpt.js was preloaded using link preload but not used within a few seconds from the window's load event. Please make sure it has an appropriate `as` value and it is preloaded intentionally. @ https://soundcloud.com/hollmusic/god_2:0
[   31145ms] [LOG] [direct] gave up after 60 attempts @ chrome-extension://ihaelfjohnpciodjianpgchimpgifgjk/js/direct.js:225
[   41081ms] [WARNING] The resource https://securepubads.g.doubleclick.net/tag/js/gpt.js was preloaded using link preload but not used within a few seconds from the window's load event. Please make sure it has an appropriate `as` value and it is preloaded intentionally. @ https://soundcloud.com/hollmusic/god_2:0
[   71080ms] [WARNING] The resource https://securepubads.g.doubleclick.net/tag/js/gpt.js was preloaded using link preload but not used within a few seconds from the window's load event. Please make sure it has an appropriate `as` value and it is preloaded intentionally. @ https://soundcloud.com/hollmusic/god_2:0
[   97596ms] [WARNING] The resource https://securepubads.g.doubleclick.net/tag/js/gpt.js was preloaded using link preload but not used within a few seconds from the window's load event. Please make sure it has an appropriate `as` value and it is preloaded intentionally. @ https://soundcloud.com/hollmusic/god_2:0
[  101139ms] [WARNING] The resource https://securepubads.g.doubleclick.net/tag/js/gpt.js was preloaded using link preload but not used within a few seconds from the window's load event. Please make sure it has an appropriate `as` value and it is preloaded intentionally. @ https://soundcloud.com/hollmusic/god_2:0
[  132206ms] [WARNING] The resource https://securepubads.g.doubleclick.net/tag/js/gpt.js was preloaded using link preload but not used within a few seconds from the window's load event. Please make sure it has an appropriate `as` value and it is preloaded intentionally. @ https://soundcloud.com/hollmusic/god_2:0
[  162208ms] [WARNING] The resource https://securepubads.g.doubleclick.net/tag/js/gpt.js was preloaded using link preload but not used within a few seconds from the window's load event. Please make sure it has an appropriate `as` value and it is preloaded intentionally. @ https://soundcloud.com/hollmusic/god_2:0
[  192213ms] [WARNING] The resource https://securepubads.g.doubleclick.net/tag/js/gpt.js was preloaded using link preload but not used within a few seconds from the window's load event. Please make sure it has an appropriate `as` value and it is preloaded intentionally. @ https://soundcloud.com/hollmusic/god_2:0
[  222220ms] [WARNING] The resource https://securepubads.g.doubleclick.net/tag/js/gpt.js was preloaded using link preload but not used within a few seconds from the window's load event. Please make sure it has an appropriate `as` value and it is preloaded intentionally. @ https://soundcloud.com/hollmusic/god_2:0
[  252219ms] [WARNING] The resource https://securepubads.g.doubleclick.net/tag/js/gpt.js was preloaded using link preload but not used within a few seconds from the window's load event. Please make sure it has an appropriate `as` value and it is preloaded intentionally. @ https://soundcloud.com/hollmusic/god_2:0
[  282218ms] [WARNING] The resource https://securepubads.g.doubleclick.net/tag/js/gpt.js was preloaded using link preload but not used within a few seconds from the window's load event. Please make sure it has an appropriate `as` value and it is preloaded intentionally. @ https://soundcloud.com/hollmusic/god_2:0
[  312200ms] [WARNING] The resource https://securepubads.g.doubleclick.net/tag/js/gpt.js was preloaded using link preload but not used within a few seconds from the window's load event. Please make sure it has an appropriate `as` value and it is preloaded intentionally. @ https://soundcloud.com/hollmusic/god_2:0
[  342569ms] [WARNING] The resource https://securepubads.g.doubleclick.net/tag/js/gpt.js was preloaded using link preload but not used within a few seconds from the window's load event. Please make sure it has an appropriate `as` value and it is preloaded intentionally. @ https://soundcloud.com/hollmusic/god_2:0
[  356713ms] [WARNING] The resource https://securepubads.g.doubleclick.net/tag/js/gpt.js was preloaded using link preload but not used within a few seconds from the window's load event. Please make sure it has an appropriate `as` value and it is preloaded intentionally. @ https://soundcloud.com/hollmusic/god_2:0
[  363165ms] [WARNING] The resource https://securepubads.g.doubleclick.net/tag/js/gpt.js was preloaded using link preload but not used within a few seconds from the window's load event. Please make sure it has an appropriate `as` value and it is preloaded intentionally. @ https://soundcloud.com/hollmusic/god_2:0
[  372913ms] [WARNING] The resource https://securepubads.g.doubleclick.net/tag/js/gpt.js was preloaded using link preload but not used within a few seconds from the window's load event. Please make sure it has an appropriate `as` value and it is preloaded intentionally. @ https://soundcloud.com/hollmusic/god_2:0
[  383090ms] [WARNING] The resource https://securepubads.g.doubleclick.net/tag/js/gpt.js was preloaded using link preload but not used within a few seconds from the window's load event. Please make sure it has an appropriate `as` value and it is preloaded intentionally. @ https://soundcloud.com/hollmusic/god_2:0
[  387871ms] [WARNING] The resource https://securepubads.g.doubleclick.net/tag/js/gpt.js was preloaded using link preload but not used within a few seconds from the window's load event. Please make sure it has an appropriate `as` value and it is preloaded intentionally. @ https://soundcloud.com/hollmusic/god_2:0
[  392901ms] [WARNING] The resource https://securepubads.g.doubleclick.net/tag/js/gpt.js was preloaded using link preload but not used within a few seconds from the window's load event. Please make sure it has an appropriate `as` value and it is preloaded intentionally. @ https://soundcloud.com/hollmusic/god_2:0
[  403042ms] [WARNING] The resource https://securepubads.g.doubleclick.net/tag/js/gpt.js was preloaded using link preload but not used within a few seconds from the window's load event. Please make sure it has an appropriate `as` value and it is preloaded intentionally. @ https://soundcloud.com/hollmusic/god_2:0
[  412922ms] [WARNING] The resource https://securepubads.g.doubleclick.net/tag/js/gpt.js was preloaded using link preload but not used within a few seconds from the window's load event. Please make sure it has an appropriate `as` value and it is preloaded intentionally. @ https://soundcloud.com/hollmusic/god_2:0
[  417876ms] [WARNING] The resource https://securepubads.g.doubleclick.net/tag/js/gpt.js was preloaded using link preload but not used within a few seconds from the window's load event. Please make sure it has an appropriate `as` value and it is preloaded intentionally. @ https://soundcloud.com/hollmusic/god_2:0
[  423097ms] [WARNING] The resource https://securepubads.g.doubleclick.net/tag/js/gpt.js was preloaded using link preload but not used within a few seconds from the window's load event. Please make sure it has an appropriate `as` value and it is preloaded intentionally. @ https://soundcloud.com/hollmusic/god_2:0
[  432925ms] [WARNING] The resource https://securepubads.g.doubleclick.net/tag/js/gpt.js was preloaded using link preload but not used within a few seconds from the window's load event. Please make sure it has an appropriate `as` value and it is preloaded intentionally. @ https://soundcloud.com/hollmusic/god_2:0
[  443101ms] [WARNING] The resource https://securepubads.g.doubleclick.net/tag/js/gpt.js was preloaded using link preload but not used within a few seconds from the window's load event. Please make sure it has an appropriate `as` value and it is preloaded intentionally. @ https://soundcloud.com/hollmusic/god_2:0
[  447867ms] [WARNING] The resource https://securepubads.g.doubleclick.net/tag/js/gpt.js was preloaded using link preload but not used within a few seconds from the window's load event. Please make sure it has an appropriate `as` value and it is preloaded intentionally. @ https://soundcloud.com/hollmusic/god_2:0
[  451792ms] [ERROR] Failed to load resource: the server responded with a status of 401 (Unauthorized) @ https://api-v2.soundcloud.com/tracks/2392658898?client_id=5d41402abc4b2a76b9719d911017c592:0
[  452029ms] [ERROR] Failed to load resource: the server responded with a status of 401 (Unauthorized) @ https://api-v2.soundcloud.com/tracks/2392658898?client_id=LapsedConsumerSubscriptionBanner:0
[  452243ms] [ERROR] Failed to load resource: the server responded with a status of 401 (Unauthorized) @ https://api-v2.soundcloud.com/tracks/2392658898?client_id=showWithdrawFromSubscriptionLink:0
[  452460ms] [ERROR] Failed to load resource: the server responded with a status of 401 (Unauthorized) @ https://api-v2.soundcloud.com/tracks/2392658898?client_id=showWithdrawFromSubscriptionLink:0
[  453035ms] [ERROR] Failed to load resource: the server responded with a status of 401 (Unauthorized) @ https://api-v2.soundcloud.com/tracks/2392658898?client_id=showWithdrawFromSubscriptionLink:0
[  453276ms] [ERROR] Failed to load resource: the server responded with a status of 401 (Unauthorized) @ https://api-v2.soundcloud.com/tracks/2392658898?client_id=buildXhrWithAuthTransportFactory:0
[  453488ms] [ERROR] Failed to load resource: the server responded with a status of 401 (Unauthorized) @ https://api-v2.soundcloud.com/tracks/2392658898?client_id=a7c02a899fe843dfbea609e8cfb420f0:0
[  453763ms] [LOG] [direct] client_id from script (validated): Pb72ranhoyt6gw7hM7TkzUItXlMWSNSo @ chrome-extension://ihaelfjohnpciodjianpgchimpgifgjk/js/direct.js:26
[  453763ms] [LOG] [direct] trackId from meta: 2392658898 @ chrome-extension://ihaelfjohnpciodjianpgchimpgifgjk/js/direct.js:181
[  453763ms] [LOG] [direct] final trackId: 2392658898 @ chrome-extension://ihaelfjohnpciodjianpgchimpgifgjk/js/direct.js:186
[  454000ms] [LOG] [direct] track info: GOD_2 media: {transcodings: Array(5)} @ chrome-extension://ihaelfjohnpciodjianpgchimpgifgjk/js/direct.js:113
[  454000ms] [LOG] [direct] using transcoding: mp3_1_0 https://api-v2.soundcloud.com/media/soundcloud:tracks:2392658898/943148cf-d501-4b90-8746-d1a7947f67b8/stream/progressive @ chrome-extension://ihaelfjohnpciodjianpgchimpgifgjk/js/direct.js:120
[  454232ms] [LOG] [direct] stream url: https://cf-media.sndcdn.com/dVpUMSJ2LYgB.128.mp3?Policy=eyJTdGF0ZW1lbnQiOlt7IlJlc291cmNlIjoiKjovL2NmLW1lZGlhLnNuZGNkbi5jb20vZFZwVU1TSjJMWWdCLjEyOC5tcDMqIiwiQ29uZGl0aW9uIjp7IkRhdGVMZXNzVGhhbiI6eyJBV1M6RXBvY2hUaW1lIjoxNzg4MzEwMzc5fX19XX0_&Signature=cSXUwscQPHRSkMv9WX~2rsOFGlZCTpw~vzjmbgF4K1ZzhfnZ6KpaLt6MGRQcJ2VTwIvWyMyC6JGT02mojiOrrEkdUMCn2Clr8tLFei-dKxZ47Fg0Z7yShNpd7mWKSAEVVV82cCEPNHdDyQBHi~Ris-L62L8sJWq0gRtDOyhkCVDBBGnyIdb4tZcBSfBUFBy0f1M~paiE-6mgRTB183d9TEu5kOi~yBay6ujjwFuw4y3hy5c67WskzEyZbpM1WATN2k8VIiRKBiY-3IoGdTTnf5QesksI50svtq0~34I-YHYQzJDEriwtIeJh-1Y32SCjBSO31Cqq4yrkkjVMdY2NQw__&Key-Pair-Id=APKAI6TU7MMXM5DG6EPQ @ chrome-extension://ihaelfjohnpciodjianpgchimpgifgjk/js/direct.js:122
[  454232ms] [LOG] [direct] downloading: GOD_2 https://cf-media.sndcdn.com/dVpUMSJ2LYgB.128.mp3?Policy=eyJTdGF0ZW1lbnQiOlt7IlJlc291cmNlIjoiKjovL2NmLW1lZGlhLnNuZGNkbi5jb20vZFZwVU1TSjJMWWdCLjEyOC5tcDMqIiwiQ29uZGl0aW9uIjp7IkRhdGVMZXNzVGhhbiI6eyJBV1M6RXBvY2hUaW1lIjoxNzg4MzEwMzc5fX19XX0_&Signature=cSXUwscQPHRSkMv9WX~2rsOFGlZCTpw~vzjmbgF4K1ZzhfnZ6KpaLt6MGRQcJ2VTwIvWyMyC6JGT02mojiOrrEkdUMCn2Clr8tLFei-dKxZ47Fg0Z7yShNpd7mWKSAEVVV82cCEPNHdDyQBHi~Ris-L62L8sJWq0gRtDOyhkCVDBBGnyIdb4tZcBSfBUFBy0f1M~paiE-6mgRTB183d9TEu5kOi~yBay6ujjwFuw4y3hy5c67WskzEyZbpM1WATN2k8VIiRKBiY-3IoGdTTnf5QesksI50svtq0~34I-YHYQzJDEriwtIeJh-1Y32SCjBSO31Cqq4yrkkjVMdY2NQw__&Key-Pair-Id=APKAI6TU7MMXM5DG6EPQ @ chrome-extension://ihaelfjohnpciodjianpgchimpgifgjk/js/direct.js:191
[  454233ms] [LOG] [DIAG-CS] sendMessage called: {"recipient":"__SC_DIRECT__","action":"download","keys":["messageRecipient","action","url","filename"]} @ chrome-extension://ihaelfjohnpciodjianpgchimpgifgjk/js/diagnostic-content.js:27
[  454233ms] [LOG] [DIAG-CS] Time since load: 453594ms @ chrome-extension://ihaelfjohnpciodjianpgchimpgifgjk/js/diagnostic-content.js:28
[  454233ms] [LOG] [DIAG-CS] Args count: 2 @ chrome-extension://ihaelfjohnpciodjianpgchimpgifgjk/js/diagnostic-content.js:29
[  454382ms] [LOG] [DIAG-CS] sendMessage response: {"success":true,"downloadId":2} @ chrome-extension://ihaelfjohnpciodjianpgchimpgifgjk/js/diagnostic-content.js:33
[  454382ms] [LOG] [direct] download response: {success: true, downloadId: 2} @ chrome-extension://ihaelfjohnpciodjianpgchimpgifgjk/js/direct.js:197
[  457238ms] [WARNING] The resource https://securepubads.g.doubleclick.net/tag/js/gpt.js was preloaded using link preload but not used within a few seconds from the window's load event. Please make sure it has an appropriate `as` value and it is preloaded intentionally. @ https://soundcloud.com/hollmusic/god_2:0
[  463673ms] [WARNING] The resource https://securepubads.g.doubleclick.net/tag/js/gpt.js was preloaded using link preload but not used within a few seconds from the window's load event. Please make sure it has an appropriate `as` value and it is preloaded intentionally. @ https://soundcloud.com/hollmusic/god_2:0
[  472946ms] [WARNING] The resource https://securepubads.g.doubleclick.net/tag/js/gpt.js was preloaded using link preload but not used within a few seconds from the window's load event. Please make sure it has an appropriate `as` value and it is preloaded intentionally. @ https://soundcloud.com/hollmusic/god_2:0
[  477871ms] [WARNING] The resource https://securepubads.g.doubleclick.net/tag/js/gpt.js was preloaded using link preload but not used within a few seconds from the window's load event. Please make sure it has an appropriate `as` value and it is preloaded intentionally. @ https://soundcloud.com/hollmusic/god_2:0
[  484195ms] [WARNING] The resource https://securepubads.g.doubleclick.net/tag/js/gpt.js was preloaded using link preload but not used within a few seconds from the window's load event. Please make sure it has an appropriate `as` value and it is preloaded intentionally. @ https://soundcloud.com/hollmusic/god_2:0
[  493900ms] [WARNING] The resource https://securepubads.g.doubleclick.net/tag/js/gpt.js was preloaded using link preload but not used within a few seconds from the window's load event. Please make sure it has an appropriate `as` value and it is preloaded intentionally. @ https://soundcloud.com/hollmusic/god_2:0
[  502775ms] [WARNING] The resource https://securepubads.g.doubleclick.net/tag/js/gpt.js was preloaded using link preload but not used within a few seconds from the window's load event. Please make sure it has an appropriate `as` value and it is preloaded intentionally. @ https://soundcloud.com/hollmusic/god_2:0
[  507876ms] [WARNING] The resource https://securepubads.g.doubleclick.net/tag/js/gpt.js was preloaded using link preload but not used within a few seconds from the window's load event. Please make sure it has an appropriate `as` value and it is preloaded intentionally. @ https://soundcloud.com/hollmusic/god_2:0
[  512931ms] [WARNING] The resource https://securepubads.g.doubleclick.net/tag/js/gpt.js was preloaded using link preload but not used within a few seconds from the window's load event. Please make sure it has an appropriate `as` value and it is preloaded intentionally. @ https://soundcloud.com/hollmusic/god_2:0
[  523212ms] [WARNING] The resource https://securepubads.g.doubleclick.net/tag/js/gpt.js was preloaded using link preload but not used within a few seconds from the window's load event. Please make sure it has an appropriate `as` value and it is preloaded intentionally. @ https://soundcloud.com/hollmusic/god_2:0
[  533378ms] [WARNING] The resource https://securepubads.g.doubleclick.net/tag/js/gpt.js was preloaded using link preload but not used within a few seconds from the window's load event. Please make sure it has an appropriate `as` value and it is preloaded intentionally. @ https://soundcloud.com/hollmusic/god_2:0
[  537870ms] [WARNING] The resource https://securepubads.g.doubleclick.net/tag/js/gpt.js was preloaded using link preload but not used within a few seconds from the window's load event. Please make sure it has an appropriate `as` value and it is preloaded intentionally. @ https://soundcloud.com/hollmusic/god_2:0
[  542787ms] [WARNING] The resource https://securepubads.g.doubleclick.net/tag/js/gpt.js was preloaded using link preload but not used within a few seconds from the window's load event. Please make sure it has an appropriate `as` value and it is preloaded intentionally. @ https://soundcloud.com/hollmusic/god_2:0
[  552939ms] [WARNING] The resource https://securepubads.g.doubleclick.net/tag/js/gpt.js was preloaded using link preload but not used within a few seconds from the window's load event. Please make sure it has an appropriate `as` value and it is preloaded intentionally. @ https://soundcloud.com/hollmusic/god_2:0
[  562832ms] [WARNING] The resource https://securepubads.g.doubleclick.net/tag/js/gpt.js was preloaded using link preload but not used within a few seconds from the window's load event. Please make sure it has an appropriate `as` value and it is preloaded intentionally. @ https://soundcloud.com/hollmusic/god_2:0
[  567866ms] [WARNING] The resource https://securepubads.g.doubleclick.net/tag/js/gpt.js was preloaded using link preload but not used within a few seconds from the window's load event. Please make sure it has an appropriate `as` value and it is preloaded intentionally. @ https://soundcloud.com/hollmusic/god_2:0
[  572243ms] [INFO] You like to look under the hood? Why not help us build the engine? https://soundcloud.com/jobs @ https://a-v2.sndcdn.com/assets/55-9b366a26.js:32
[  572387ms] [WARNING] [GPT] PubAdsService.disableInitialLoad is deprecated, use googletag.setConfig({disableInitialLoad: ...}) instead.
https://goo.gle/gpt-message#170 @ https://a-v2.sndcdn.com/assets/55-9b366a26.js:99
[  572435ms] [LOG] prebid-load.js loaded successfully. @ https://a-v2.sndcdn.com/assets/55-9b366a26.js:99
[  572454ms] [LOG] %craven%c Raven v1.22.2-6hoy9q background-color:#000;margin-left:1px;padding:1px 3px;font-size:0.75em;color:#ffffff; font-size:0.9em; @ https://a-v2.sndcdn.com/assets/55-9b366a26.js:99
[  572457ms] [LOG] [DIAG-CS] Diagnostic content script loaded at https://soundcloud.com/hollmusic/god_2 @ chrome-extension://ihaelfjohnpciodjianpgchimpgifgjk/js/diagnostic-content.js:4
[  572457ms] [LOG] [DIAG-CS] sendMessage monitoring active @ chrome-extension://ihaelfjohnpciodjianpgchimpgifgjk/js/diagnostic-content.js:54
[  572457ms] [LOG] [DIAG-CS] MutationObserver attached @ chrome-extension://ihaelfjohnpciodjianpgchimpgifgjk/js/diagnostic-content.js:74
[  572459ms] [LOG] [DIAG-CS] sendMessage called: {"recipient":"__CROSSPILOT_MESSAGE__","action":"sandbox-content-scripts-data","keys":["messageRecipient","action","data"]} @ chrome-extension://ihaelfjohnpciodjianpgchimpgifgjk/js/diagnostic-content.js:27
[  572459ms] [LOG] [DIAG-CS] Time since load: 3ms @ chrome-extension://ihaelfjohnpciodjianpgchimpgifgjk/js/diagnostic-content.js:28
[  572459ms] [LOG] [DIAG-CS] Args count: 1 @ chrome-extension://ihaelfjohnpciodjianpgchimpgifgjk/js/diagnostic-content.js:29
[  572459ms] [LOG] [DIAG-CS] CrossPilot attribute detected on HTML @ chrome-extension://ihaelfjohnpciodjianpgchimpgifgjk/js/diagnostic-content.js:63
[  572459ms] [LOG] [DIAG-CS] Time since load: 3ms @ chrome-extension://ihaelfjohnpciodjianpgchimpgifgjk/js/diagnostic-content.js:64
[  572460ms] [LOG] [direct] SoundCloud direct downloader loaded at https://soundcloud.com/hollmusic/god_2 @ chrome-extension://ihaelfjohnpciodjianpgchimpgifgjk/js/direct.js:2
[  572461ms] [LOG] [DIAG-CS] sendMessage promise resolved: null @ chrome-extension://ihaelfjohnpciodjianpgchimpgifgjk/js/diagnostic-content.js:41
[  573063ms] [WARNING] [GPT] Slot.getTargetingKeys is deprecated, use Slot.getConfig('targeting') instead.
https://goo.gle/gpt-message#201 @ https://a-v2.sndcdn.com/assets/55-9b366a26.js:99
[  573089ms] [LOG] [direct] container not found, retry @ chrome-extension://ihaelfjohnpciodjianpgchimpgifgjk/js/direct.js:174
[  573468ms] [LOG] [direct] Download button injected @ chrome-extension://ihaelfjohnpciodjianpgchimpgifgjk/js/direct.js:232
[  573509ms] [WARNING] Error with Feature-Policy header: Unrecognized origin: 'none'. @ :0
[  573509ms] [WARNING] Error with Feature-Policy header: Unrecognized feature: 'ambient-light-sensor'. @ :0
[  573510ms] [WARNING] Error with Feature-Policy header: Unrecognized origin: 'none'. @ :0
[  573510ms] [WARNING] Error with Feature-Policy header: Unrecognized feature: 'battery'. @ :0
[  573510ms] [WARNING] Error with Feature-Policy header: Unrecognized origin: 'none'. @ :0
[  573510ms] [WARNING] Error with Feature-Policy header: Unrecognized origin: 'none'. @ :0
[  573510ms] [WARNING] Error with Feature-Policy header: Unrecognized feature: 'document-domain'. @ :0
[  573510ms] [WARNING] Error with Feature-Policy header: Unrecognized origin: 'none'. @ :0
[  573510ms] [WARNING] Error with Feature-Policy header: Unrecognized origin: 'none'. @ :0
[  573510ms] [WARNING] Error with Feature-Policy header: Unrecognized origin: 'none'. @ :0
[  573510ms] [WARNING] Error with Feature-Policy header: Unrecognized origin: 'none'. @ :0
[  573510ms] [WARNING] Error with Feature-Policy header: Unrecognized origin: 'none'. @ :0
[  573510ms] [WARNING] Error with Feature-Policy header: Unrecognized origin: 'none'. @ :0
[  573510ms] [WARNING] Error with Feature-Policy header: Unrecognized origin: 'none'. @ :0
[  573510ms] [WARNING] Error with Feature-Policy header: Unrecognized origin: 'none'. @ :0
[  573510ms] [WARNING] Error with Feature-Policy header: Unrecognized origin: 'none'. @ :0
[  573510ms] [WARNING] Error with Feature-Policy header: Unrecognized origin: 'none'. @ :0
[  573510ms] [WARNING] Error with Feature-Policy header: Unrecognized feature: 'wake-lock'. @ :0
[  573933ms] [WARNING] The AudioContext was not allowed to start. It must be resumed (or created) after a user gesture on the page. https://developer.chrome.com/blog/autoplay/#web_audio @ https://a-v2.sndcdn.com/assets/55-9b366a26.js:12
[  573936ms] [WARNING] The AudioContext was not allowed to start. It must be resumed (or created) after a user gesture on the page. https://developer.chrome.com/blog/autoplay/#web_audio @ https://a-v2.sndcdn.com/assets/55-9b366a26.js:12
[  574011ms] [ERROR] Failed to load resource: the server responded with a status of 400 () @ https://api-auth.soundcloud.com/oauth/authorize?client_id=Pb72ranhoyt6gw7hM7TkzUItXlMWSNSo:0
[  574267ms] [WARNING] The AudioContext was not allowed to start. It must be resumed (or created) after a user gesture on the page. https://developer.chrome.com/blog/autoplay/#web_audio @ https://a-v2.sndcdn.com/assets/55-9b366a26.js:12
[  575471ms] [ERROR] Failed to load resource: the server responded with a status of 401 (Unauthorized) @ https://api-v2.soundcloud.com/tracks/2392658898?client_id=5d41402abc4b2a76b9719d911017c592:0
[  575705ms] [ERROR] Failed to load resource: the server responded with a status of 401 (Unauthorized) @ https://api-v2.soundcloud.com/tracks/2392658898?client_id=LapsedConsumerSubscriptionBanner:0
[  575918ms] [ERROR] Failed to load resource: the server responded with a status of 401 (Unauthorized) @ https://api-v2.soundcloud.com/tracks/2392658898?client_id=showWithdrawFromSubscriptionLink:0
[  576132ms] [ERROR] Failed to load resource: the server responded with a status of 401 (Unauthorized) @ https://api-v2.soundcloud.com/tracks/2392658898?client_id=showWithdrawFromSubscriptionLink:0
[  576700ms] [ERROR] Failed to load resource: the server responded with a status of 401 (Unauthorized) @ https://api-v2.soundcloud.com/tracks/2392658898?client_id=showWithdrawFromSubscriptionLink:0
[  576937ms] [ERROR] Failed to load resource: the server responded with a status of 401 (Unauthorized) @ https://api-v2.soundcloud.com/tracks/2392658898?client_id=buildXhrWithAuthTransportFactory:0
[  577149ms] [ERROR] Failed to load resource: the server responded with a status of 401 (Unauthorized) @ https://api-v2.soundcloud.com/tracks/2392658898?client_id=a7c02a899fe843dfbea609e8cfb420f0:0
[  577422ms] [LOG] [direct] client_id from script (validated): Pb72ranhoyt6gw7hM7TkzUItXlMWSNSo @ chrome-extension://ihaelfjohnpciodjianpgchimpgifgjk/js/direct.js:26
[  577422ms] [LOG] [direct] trackId from meta: 2392658898 @ chrome-extension://ihaelfjohnpciodjianpgchimpgifgjk/js/direct.js:195
[  577422ms] [LOG] [direct] final trackId: 2392658898 @ chrome-extension://ihaelfjohnpciodjianpgchimpgifgjk/js/direct.js:200
[  577660ms] [LOG] [direct] track info: GOD_2 user: HOL! media: {transcodings: Array(5)} @ chrome-extension://ihaelfjohnpciodjianpgchimpgifgjk/js/direct.js:127
[  577660ms] [LOG] [direct] using transcoding: mp3_1_0 https://api-v2.soundcloud.com/media/soundcloud:tracks:2392658898/943148cf-d501-4b90-8746-d1a7947f67b8/stream/progressive @ chrome-extension://ihaelfjohnpciodjianpgchimpgifgjk/js/direct.js:134
[  577898ms] [LOG] [direct] stream url: https://cf-media.sndcdn.com/dVpUMSJ2LYgB.128.mp3?Policy=eyJTdGF0ZW1lbnQiOlt7IlJlc291cmNlIjoiKjovL2NmLW1lZGlhLnNuZGNkbi5jb20vZFZwVU1TSjJMWWdCLjEyOC5tcDMqIiwiQ29uZGl0aW9uIjp7IkRhdGVMZXNzVGhhbiI6eyJBV1M6RXBvY2hUaW1lIjoxNzg4MzEwNTAzfX19XX0_&Signature=TpsyoTnsYiznmNYjqRcUt~IXhne7kaJ245Jf6TiyOAPc2RW13Z7M2vEne5oBEj8eZSB2YyIXC7sXQlOSHK6Ob9AHiyti-uqpW8lSzJt~ZYTVmP0OWQdfWkfuuTbCHzvYPe7Ow032nmMQYJQF3DhA2VHVDaZfF8trnzGiZU8lCxP2~vv7stzgm3n62Vj1U7XUIAFD4NQh6I8x~arfvay7PI~KlGzHh-zd7Z8qibn3v~hsySQJy0hPDY0RUYcktnDkmEHVSMkVY0PC4nV~9~RfKGVoYNYJvw4Zc8MZz-tTs3EIQtR2ulsJDYRSdIzek2tBe-M4843wXwkkUNMZQyNPDw__&Key-Pair-Id=APKAI6TU7MMXM5DG6EPQ @ chrome-extension://ihaelfjohnpciodjianpgchimpgifgjk/js/direct.js:136
[  577898ms] [LOG] [direct] downloading: HOL! - GOD_2.mp3 https://cf-media.sndcdn.com/dVpUMSJ2LYgB.128.mp3?Policy=eyJTdGF0ZW1lbnQiOlt7IlJlc291cmNlIjoiKjovL2NmLW1lZGlhLnNuZGNkbi5jb20vZFZwVU1TSjJMWWdCLjEyOC5tcDMqIiwiQ29uZGl0aW9uIjp7IkRhdGVMZXNzVGhhbiI6eyJBV1M6RXBvY2hUaW1lIjoxNzg4MzEwNTAzfX19XX0_&Signature=TpsyoTnsYiznmNYjqRcUt~IXhne7kaJ245Jf6TiyOAPc2RW13Z7M2vEne5oBEj8eZSB2YyIXC7sXQlOSHK6Ob9AHiyti-uqpW8lSzJt~ZYTVmP0OWQdfWkfuuTbCHzvYPe7Ow032nmMQYJQF3DhA2VHVDaZfF8trnzGiZU8lCxP2~vv7stzgm3n62Vj1U7XUIAFD4NQh6I8x~arfvay7PI~KlGzHh-zd7Z8qibn3v~hsySQJy0hPDY0RUYcktnDkmEHVSMkVY0PC4nV~9~RfKGVoYNYJvw4Zc8MZz-tTs3EIQtR2ulsJDYRSdIzek2tBe-M4843wXwkkUNMZQyNPDw__&Key-Pair-Id=APKAI6TU7MMXM5DG6EPQ @ chrome-extension://ihaelfjohnpciodjianpgchimpgifgjk/js/direct.js:209
[  577898ms] [LOG] [DIAG-CS] sendMessage called: {"recipient":"__SC_DIRECT__","action":"download","keys":["messageRecipient","action","url","filename"]} @ chrome-extension://ihaelfjohnpciodjianpgchimpgifgjk/js/diagnostic-content.js:27
[  577898ms] [LOG] [DIAG-CS] Time since load: 5442ms @ chrome-extension://ihaelfjohnpciodjianpgchimpgifgjk/js/diagnostic-content.js:28
[  577898ms] [LOG] [DIAG-CS] Args count: 2 @ chrome-extension://ihaelfjohnpciodjianpgchimpgifgjk/js/diagnostic-content.js:29
[  577931ms] [LOG] [DIAG-CS] sendMessage response: {"success":true,"downloadId":3} @ chrome-extension://ihaelfjohnpciodjianpgchimpgifgjk/js/diagnostic-content.js:33
[  577931ms] [LOG] [direct] download response: {success: true, downloadId: 3} @ chrome-extension://ihaelfjohnpciodjianpgchimpgifgjk/js/direct.js:213
[  602965ms] [LOG] [direct] gave up after 60 attempts @ chrome-extension://ihaelfjohnpciodjianpgchimpgifgjk/js/direct.js:241
[  615218ms] [LOG] [direct] trackId from meta: 2392658898 @ chrome-extension://ihaelfjohnpciodjianpgchimpgifgjk/js/direct.js:195
[  615218ms] [LOG] [direct] final trackId: 2392658898 @ chrome-extension://ihaelfjohnpciodjianpgchimpgifgjk/js/direct.js:200
[  615466ms] [LOG] [direct] track info: GOD_2 user: HOL! media: {transcodings: Array(5)} @ chrome-extension://ihaelfjohnpciodjianpgchimpgifgjk/js/direct.js:127
[  615466ms] [LOG] [direct] using transcoding: mp3_1_0 https://api-v2.soundcloud.com/media/soundcloud:tracks:2392658898/943148cf-d501-4b90-8746-d1a7947f67b8/stream/progressive @ chrome-extension://ihaelfjohnpciodjianpgchimpgifgjk/js/direct.js:134
[  615698ms] [LOG] [direct] stream url: https://cf-media.sndcdn.com/dVpUMSJ2LYgB.128.mp3?Policy=eyJTdGF0ZW1lbnQiOlt7IlJlc291cmNlIjoiKjovL2NmLW1lZGlhLnNuZGNkbi5jb20vZFZwVU1TSjJMWWdCLjEyOC5tcDMqIiwiQ29uZGl0aW9uIjp7IkRhdGVMZXNzVGhhbiI6eyJBV1M6RXBvY2hUaW1lIjoxNzg4MzEwNTQwfX19XX0_&Signature=ZfEhAD0PitxPfERsI15SH3SEF3I~f6~KBVmXunvGiTCRNwKida64ZbBvTaEsTXMP8cPm31UHtblgWLVSTCK0lVo9nQpgslLHJ0dOK8qLpBVt8lOI--qBgboyyvrMpmjoyCxldlDosuqqTqVxipKNxu2W-ifO72bLdjGn0NmMft3WGuZGaUXIQXXEJRkRivHMSzB-vpAkILFIZ-FprcKjMSYoPOMWhy4gLpdzqVAHbIPMqGAu8A6BGNSJ5Xy6ycfs55hNI00JwrsxoS9YhlYxPR2DtYJ7xLy5FCWBs9KiomZsYo3c7n1KPtTHDNTMCj5YX-PrV7fqHp~xFixd~cbbfQ__&Key-Pair-Id=APKAI6TU7MMXM5DG6EPQ @ chrome-extension://ihaelfjohnpciodjianpgchimpgifgjk/js/direct.js:136
[  615699ms] [LOG] [direct] downloading: HOL! - GOD_2.mp3 https://cf-media.sndcdn.com/dVpUMSJ2LYgB.128.mp3?Policy=eyJTdGF0ZW1lbnQiOlt7IlJlc291cmNlIjoiKjovL2NmLW1lZGlhLnNuZGNkbi5jb20vZFZwVU1TSjJMWWdCLjEyOC5tcDMqIiwiQ29uZGl0aW9uIjp7IkRhdGVMZXNzVGhhbiI6eyJBV1M6RXBvY2hUaW1lIjoxNzg4MzEwNTQwfX19XX0_&Signature=ZfEhAD0PitxPfERsI15SH3SEF3I~f6~KBVmXunvGiTCRNwKida64ZbBvTaEsTXMP8cPm31UHtblgWLVSTCK0lVo9nQpgslLHJ0dOK8qLpBVt8lOI--qBgboyyvrMpmjoyCxldlDosuqqTqVxipKNxu2W-ifO72bLdjGn0NmMft3WGuZGaUXIQXXEJRkRivHMSzB-vpAkILFIZ-FprcKjMSYoPOMWhy4gLpdzqVAHbIPMqGAu8A6BGNSJ5Xy6ycfs55hNI00JwrsxoS9YhlYxPR2DtYJ7xLy5FCWBs9KiomZsYo3c7n1KPtTHDNTMCj5YX-PrV7fqHp~xFixd~cbbfQ__&Key-Pair-Id=APKAI6TU7MMXM5DG6EPQ @ chrome-extension://ihaelfjohnpciodjianpgchimpgifgjk/js/direct.js:209
[  615699ms] [LOG] [DIAG-CS] sendMessage called: {"recipient":"__SC_DIRECT__","action":"download","keys":["messageRecipient","action","url","filename"]} @ chrome-extension://ihaelfjohnpciodjianpgchimpgifgjk/js/diagnostic-content.js:27
[  615699ms] [LOG] [DIAG-CS] Time since load: 43242ms @ chrome-extension://ihaelfjohnpciodjianpgchimpgifgjk/js/diagnostic-content.js:28
[  615699ms] [LOG] [DIAG-CS] Args count: 2 @ chrome-extension://ihaelfjohnpciodjianpgchimpgifgjk/js/diagnostic-content.js:29
[  615730ms] [LOG] [DIAG-CS] sendMessage response: {"success":true,"downloadId":4} @ chrome-extension://ihaelfjohnpciodjianpgchimpgifgjk/js/diagnostic-content.js:33
[  615730ms] [LOG] [direct] download response: {success: true, downloadId: 4} @ chrome-extension://ihaelfjohnpciodjianpgchimpgifgjk/js/direct.js:213
[  724878ms] [INFO] You like to look under the hood? Why not help us build the engine? https://soundcloud.com/jobs @ https://a-v2.sndcdn.com/assets/55-9b366a26.js:32
[  724933ms] [LOG] [DIAG-CS] Diagnostic content script loaded at https://soundcloud.com/hollmusic/god_2 @ chrome-extension://ihaelfjohnpciodjianpgchimpgifgjk/js/diagnostic-content.js:4
[  724934ms] [LOG] [DIAG-CS] sendMessage monitoring active @ chrome-extension://ihaelfjohnpciodjianpgchimpgifgjk/js/diagnostic-content.js:54
[  724934ms] [LOG] [DIAG-CS] MutationObserver attached @ chrome-extension://ihaelfjohnpciodjianpgchimpgifgjk/js/diagnostic-content.js:74
[  724934ms] [LOG] [DIAG-CS] sendMessage called: {"recipient":"__CROSSPILOT_MESSAGE__","action":"sandbox-content-scripts-data","keys":["messageRecipient","action","data"]} @ chrome-extension://ihaelfjohnpciodjianpgchimpgifgjk/js/diagnostic-content.js:27
[  724934ms] [LOG] [DIAG-CS] Time since load: 1ms @ chrome-extension://ihaelfjohnpciodjianpgchimpgifgjk/js/diagnostic-content.js:28
[  724934ms] [LOG] [DIAG-CS] Args count: 1 @ chrome-extension://ihaelfjohnpciodjianpgchimpgifgjk/js/diagnostic-content.js:29
[  724934ms] [LOG] [DIAG-CS] CrossPilot attribute detected on HTML @ chrome-extension://ihaelfjohnpciodjianpgchimpgifgjk/js/diagnostic-content.js:63
[  724935ms] [LOG] [DIAG-CS] Time since load: 1ms @ chrome-extension://ihaelfjohnpciodjianpgchimpgifgjk/js/diagnostic-content.js:64
[  724935ms] [LOG] [direct] SoundCloud direct downloader loaded at https://soundcloud.com/hollmusic/god_2 @ chrome-extension://ihaelfjohnpciodjianpgchimpgifgjk/js/direct.js:2
[  724954ms] [LOG] [DIAG-CS] sendMessage promise resolved: null @ chrome-extension://ihaelfjohnpciodjianpgchimpgifgjk/js/diagnostic-content.js:41
[  724957ms] [LOG] prebid-load.js loaded successfully. @ https://a-v2.sndcdn.com/assets/55-9b366a26.js:99
[  724966ms] [WARNING] [GPT] PubAdsService.disableInitialLoad is deprecated, use googletag.setConfig({disableInitialLoad: ...}) instead.
https://goo.gle/gpt-message#170 @ https://a-v2.sndcdn.com/assets/55-9b366a26.js:99
[  725041ms] [LOG] %craven%c Raven v1.22.2-6hoy9q background-color:#000;margin-left:1px;padding:1px 3px;font-size:0.75em;color:#ffffff; font-size:0.9em; @ https://a-v2.sndcdn.com/assets/55-9b366a26.js:99
[  725439ms] [WARNING] [GPT] Slot.getTargetingKeys is deprecated, use Slot.getConfig('targeting') instead.
https://goo.gle/gpt-message#201 @ https://a-v2.sndcdn.com/assets/55-9b366a26.js:99
[  725471ms] [LOG] [direct] container not found, retry @ chrome-extension://ihaelfjohnpciodjianpgchimpgifgjk/js/direct.js:177
[  725729ms] [LOG] [direct] Download button injected @ chrome-extension://ihaelfjohnpciodjianpgchimpgifgjk/js/direct.js:235
[  725980ms] [WARNING] Error with Feature-Policy header: Unrecognized origin: 'none'. @ :0
[  725980ms] [WARNING] Error with Feature-Policy header: Unrecognized feature: 'ambient-light-sensor'. @ :0
[  725980ms] [WARNING] Error with Feature-Policy header: Unrecognized origin: 'none'. @ :0
[  725980ms] [WARNING] Error with Feature-Policy header: Unrecognized feature: 'battery'. @ :0
[  725980ms] [WARNING] Error with Feature-Policy header: Unrecognized origin: 'none'. @ :0
[  725980ms] [WARNING] Error with Feature-Policy header: Unrecognized origin: 'none'. @ :0
[  725980ms] [WARNING] Error with Feature-Policy header: Unrecognized feature: 'document-domain'. @ :0
[  725980ms] [WARNING] Error with Feature-Policy header: Unrecognized origin: 'none'. @ :0
[  725980ms] [WARNING] Error with Feature-Policy header: Unrecognized origin: 'none'. @ :0
[  725980ms] [WARNING] Error with Feature-Policy header: Unrecognized origin: 'none'. @ :0
[  725980ms] [WARNING] Error with Feature-Policy header: Unrecognized origin: 'none'. @ :0
[  725980ms] [WARNING] Error with Feature-Policy header: Unrecognized origin: 'none'. @ :0
[  725980ms] [WARNING] Error with Feature-Policy header: Unrecognized origin: 'none'. @ :0
[  725980ms] [WARNING] Error with Feature-Policy header: Unrecognized origin: 'none'. @ :0
[  725980ms] [WARNING] Error with Feature-Policy header: Unrecognized origin: 'none'. @ :0
[  725980ms] [WARNING] Error with Feature-Policy header: Unrecognized origin: 'none'. @ :0
[  725980ms] [WARNING] Error with Feature-Policy header: Unrecognized origin: 'none'. @ :0
[  725980ms] [WARNING] Error with Feature-Policy header: Unrecognized feature: 'wake-lock'. @ :0
[  726491ms] [ERROR] Failed to load resource: the server responded with a status of 400 () @ https://api-auth.soundcloud.com/oauth/authorize?client_id=Pb72ranhoyt6gw7hM7TkzUItXlMWSNSo:0
[  726522ms] [WARNING] The AudioContext was not allowed to start. It must be resumed (or created) after a user gesture on the page. https://developer.chrome.com/blog/autoplay/#web_audio @ https://a-v2.sndcdn.com/assets/55-9b366a26.js:12
[  726526ms] [WARNING] The AudioContext was not allowed to start. It must be resumed (or created) after a user gesture on the page. https://developer.chrome.com/blog/autoplay/#web_audio @ https://a-v2.sndcdn.com/assets/55-9b366a26.js:12
[  726827ms] [WARNING] The AudioContext was not allowed to start. It must be resumed (or created) after a user gesture on the page. https://developer.chrome.com/blog/autoplay/#web_audio @ https://a-v2.sndcdn.com/assets/55-9b366a26.js:12
[  729717ms] [ERROR] Failed to load resource: the server responded with a status of 401 (Unauthorized) @ https://api-v2.soundcloud.com/tracks/2392658898?client_id=5d41402abc4b2a76b9719d911017c592:0
[  729952ms] [ERROR] Failed to load resource: the server responded with a status of 401 (Unauthorized) @ https://api-v2.soundcloud.com/tracks/2392658898?client_id=LapsedConsumerSubscriptionBanner:0
[  730163ms] [ERROR] Failed to load resource: the server responded with a status of 401 (Unauthorized) @ https://api-v2.soundcloud.com/tracks/2392658898?client_id=showWithdrawFromSubscriptionLink:0
[  730377ms] [ERROR] Failed to load resource: the server responded with a status of 401 (Unauthorized) @ https://api-v2.soundcloud.com/tracks/2392658898?client_id=showWithdrawFromSubscriptionLink:0
[  730589ms] [ERROR] Failed to load resource: the server responded with a status of 401 (Unauthorized) @ https://api-v2.soundcloud.com/tracks/2392658898?client_id=showWithdrawFromSubscriptionLink:0
[  730821ms] [ERROR] Failed to load resource: the server responded with a status of 401 (Unauthorized) @ https://api-v2.soundcloud.com/tracks/2392658898?client_id=buildXhrWithAuthTransportFactory:0
[  731034ms] [ERROR] Failed to load resource: the server responded with a status of 401 (Unauthorized) @ https://api-v2.soundcloud.com/tracks/2392658898?client_id=a7c02a899fe843dfbea609e8cfb420f0:0
[  731310ms] [LOG] [direct] client_id from script (validated): Pb72ranhoyt6gw7hM7TkzUItXlMWSNSo @ chrome-extension://ihaelfjohnpciodjianpgchimpgifgjk/js/direct.js:26
[  731310ms] [LOG] [direct] trackId from meta: 2392658898 @ chrome-extension://ihaelfjohnpciodjianpgchimpgifgjk/js/direct.js:198
[  731310ms] [LOG] [direct] final trackId: 2392658898 @ chrome-extension://ihaelfjohnpciodjianpgchimpgifgjk/js/direct.js:203
[  731547ms] [LOG] [direct] track info: GOD_2 user: HOL! media: {transcodings: Array(5)} @ chrome-extension://ihaelfjohnpciodjianpgchimpgifgjk/js/direct.js:130
[  731547ms] [LOG] [direct] using transcoding: mp3_1_0 https://api-v2.soundcloud.com/media/soundcloud:tracks:2392658898/943148cf-d501-4b90-8746-d1a7947f67b8/stream/progressive @ chrome-extension://ihaelfjohnpciodjianpgchimpgifgjk/js/direct.js:137
[  731777ms] [LOG] [direct] stream url: https://cf-media.sndcdn.com/dVpUMSJ2LYgB.128.mp3?Policy=eyJTdGF0ZW1lbnQiOlt7IlJlc291cmNlIjoiKjovL2NmLW1lZGlhLnNuZGNkbi5jb20vZFZwVU1TSjJMWWdCLjEyOC5tcDMqIiwiQ29uZGl0aW9uIjp7IkRhdGVMZXNzVGhhbiI6eyJBV1M6RXBvY2hUaW1lIjoxNzg4MzEwNjU2fX19XX0_&Signature=DnIQNdjs1S0T7RV2dl34xvWHdu6C62F1PTo~iEjMtOcf1ob4KYGQ4h8mAi36RHHnnwPcHsVxeQ3cSAIbMpIgxeCOvkBux~rRWQPNeL5ROt9ParhxSnkaMZ9cQVNin9iCwbSgo49DOIzJC6CHRlecCcXCAfL5SqQylgaZtd4oqOEJr1MIsScbkUHZE9IPGl58UBngje8lMNXqQOAk525trXVA7viAa19KwUDBuFD4-TrRpWaotSPEDSzEbbqlA3aRNFFqLtHE2Sk40vrucgFSAjRfcwjSZMicvpD7aERowuCG3heYYCgqfTSmPTeZBirczUR7bkHBnwsT-rNXXb8vtw__&Key-Pair-Id=APKAI6TU7MMXM5DG6EPQ @ chrome-extension://ihaelfjohnpciodjianpgchimpgifgjk/js/direct.js:139
[  731777ms] [LOG] [direct] downloading: HOL_ - GOD_2.mp3 https://cf-media.sndcdn.com/dVpUMSJ2LYgB.128.mp3?Policy=eyJTdGF0ZW1lbnQiOlt7IlJlc291cmNlIjoiKjovL2NmLW1lZGlhLnNuZGNkbi5jb20vZFZwVU1TSjJMWWdCLjEyOC5tcDMqIiwiQ29uZGl0aW9uIjp7IkRhdGVMZXNzVGhhbiI6eyJBV1M6RXBvY2hUaW1lIjoxNzg4MzEwNjU2fX19XX0_&Signature=DnIQNdjs1S0T7RV2dl34xvWHdu6C62F1PTo~iEjMtOcf1ob4KYGQ4h8mAi36RHHnnwPcHsVxeQ3cSAIbMpIgxeCOvkBux~rRWQPNeL5ROt9ParhxSnkaMZ9cQVNin9iCwbSgo49DOIzJC6CHRlecCcXCAfL5SqQylgaZtd4oqOEJr1MIsScbkUHZE9IPGl58UBngje8lMNXqQOAk525trXVA7viAa19KwUDBuFD4-TrRpWaotSPEDSzEbbqlA3aRNFFqLtHE2Sk40vrucgFSAjRfcwjSZMicvpD7aERowuCG3heYYCgqfTSmPTeZBirczUR7bkHBnwsT-rNXXb8vtw__&Key-Pair-Id=APKAI6TU7MMXM5DG6EPQ @ chrome-extension://ihaelfjohnpciodjianpgchimpgifgjk/js/direct.js:212
[  731777ms] [LOG] [DIAG-CS] sendMessage called: {"recipient":"__SC_DIRECT__","action":"download","keys":["messageRecipient","action","url","filename"]} @ chrome-extension://ihaelfjohnpciodjianpgchimpgifgjk/js/diagnostic-content.js:27
[  731777ms] [LOG] [DIAG-CS] Time since load: 6843ms @ chrome-extension://ihaelfjohnpciodjianpgchimpgifgjk/js/diagnostic-content.js:28
[  731777ms] [LOG] [DIAG-CS] Args count: 2 @ chrome-extension://ihaelfjohnpciodjianpgchimpgifgjk/js/diagnostic-content.js:29
[  731805ms] [LOG] [DIAG-CS] sendMessage response: {"success":true,"downloadId":5} @ chrome-extension://ihaelfjohnpciodjianpgchimpgifgjk/js/diagnostic-content.js:33
[  731806ms] [LOG] [direct] download response: {success: true, downloadId: 5} @ chrome-extension://ihaelfjohnpciodjianpgchimpgifgjk/js/direct.js:216
[  755438ms] [LOG] [direct] gave up after 60 attempts @ chrome-extension://ihaelfjohnpciodjianpgchimpgifgjk/js/direct.js:244
