[     385ms] [LOG] [DIAG-CS] Diagnostic content script loaded at https://soundcloud.com/hollmusic/god_2 @ chrome-extension://ihaelfjohnpciodjianpgchimpgifgjk/js/diagnostic-content.js:4
[     385ms] [LOG] [DIAG-CS] sendMessage monitoring active @ chrome-extension://ihaelfjohnpciodjianpgchimpgifgjk/js/diagnostic-content.js:34
[     385ms] [LOG] [DIAG-CS] MutationObserver attached @ chrome-extension://ihaelfjohnpciodjianpgchimpgifgjk/js/diagnostic-content.js:54
[     387ms] [LOG] [DIAG-CS] sendMessage called: {"recipient":"__CROSSPILOT_MESSAGE__","action":"sandbox-content-scripts-data","keys":["messageRecipient","action","data"]} @ chrome-extension://ihaelfjohnpciodjianpgchimpgifgjk/js/diagnostic-content.js:27
[     387ms] [LOG] [DIAG-CS] Time since load: 2ms @ chrome-extension://ihaelfjohnpciodjianpgchimpgifgjk/js/diagnostic-content.js:28
[     387ms] [LOG] [DIAG-CS] Args count: 1 @ chrome-extension://ihaelfjohnpciodjianpgchimpgifgjk/js/diagnostic-content.js:29
[     387ms] [LOG] [DIAG-CS] CrossPilot attribute detected on HTML @ chrome-extension://ihaelfjohnpciodjianpgchimpgifgjk/js/diagnostic-content.js:43
[     388ms] [LOG] [DIAG-CS] Time since load: 3ms @ chrome-extension://ihaelfjohnpciodjianpgchimpgifgjk/js/diagnostic-content.js:44
[     802ms] [INFO] You like to look under the hood? Why not help us build the engine? https://soundcloud.com/jobs @ https://a-v2.sndcdn.com/assets/55-9b366a26.js:32
[     970ms] [LOG] prebid-load.js loaded successfully. @ https://a-v2.sndcdn.com/assets/55-9b366a26.js:99
[    1139ms] [LOG] %craven%c Raven v1.22.2-6hoy9q background-color:#000;margin-left:1px;padding:1px 3px;font-size:0.75em;color:#ffffff; font-size:0.9em; @ https://a-v2.sndcdn.com/assets/55-9b366a26.js:99
[    1215ms] [WARNING] [GPT] PubAdsService.disableInitialLoad is deprecated, use googletag.setConfig({disableInitialLoad: ...}) instead.
https://goo.gle/gpt-message#170 @ https://a-v2.sndcdn.com/assets/55-9b366a26.js:99
[    1639ms] [WARNING] [GPT] Slot.getTargetingKeys is deprecated, use Slot.getConfig('targeting') instead.
https://goo.gle/gpt-message#201 @ https://a-v2.sndcdn.com/assets/55-9b366a26.js:99
[    2381ms] [WARNING] Error with Feature-Policy header: Unrecognized origin: 'none'. @ :0
[    2381ms] [WARNING] Error with Feature-Policy header: Unrecognized feature: 'ambient-light-sensor'. @ :0
[    2381ms] [WARNING] Error with Feature-Policy header: Unrecognized origin: 'none'. @ :0
[    2381ms] [WARNING] Error with Feature-Policy header: Unrecognized feature: 'battery'. @ :0
[    2381ms] [WARNING] Error with Feature-Policy header: Unrecognized origin: 'none'. @ :0
[    2381ms] [WARNING] Error with Feature-Policy header: Unrecognized origin: 'none'. @ :0
[    2381ms] [WARNING] Error with Feature-Policy header: Unrecognized feature: 'document-domain'. @ :0
[    2381ms] [WARNING] Error with Feature-Policy header: Unrecognized origin: 'none'. @ :0
[    2381ms] [WARNING] Error with Feature-Policy header: Unrecognized origin: 'none'. @ :0
[    2381ms] [WARNING] Error with Feature-Policy header: Unrecognized origin: 'none'. @ :0
[    2381ms] [WARNING] Error with Feature-Policy header: Unrecognized origin: 'none'. @ :0
[    2381ms] [WARNING] Error with Feature-Policy header: Unrecognized origin: 'none'. @ :0
[    2381ms] [WARNING] Error with Feature-Policy header: Unrecognized origin: 'none'. @ :0
[    2381ms] [WARNING] Error with Feature-Policy header: Unrecognized origin: 'none'. @ :0
[    2381ms] [WARNING] Error with Feature-Policy header: Unrecognized origin: 'none'. @ :0
[    2381ms] [WARNING] Error with Feature-Policy header: Unrecognized origin: 'none'. @ :0
[    2381ms] [WARNING] Error with Feature-Policy header: Unrecognized origin: 'none'. @ :0
[    2381ms] [WARNING] Error with Feature-Policy header: Unrecognized feature: 'wake-lock'. @ :0
[    2927ms] [ERROR] Failed to load resource: the server responded with a status of 400 () @ https://api-auth.soundcloud.com/oauth/authorize?client_id=Pb72ranhoyt6gw7hM7TkzUItXlMWSNSo:0
